./europepmc-json: NOTE, files : 
./europepmc-json: NOTE, search terms : IND601311758+OR+IND601311566+OR+IND601309362+OR+IND601309237
./europepmc-json: NOTE, search term : IND601311758+OR+IND601311566+OR+IND601309362+OR+IND601309237
./europepmc-json: NOTE, search term = query=IND601311758+OR+IND601311566+OR+IND601309362+OR+IND601309237 : page 1 out of 2
./europepmc-json: NOTE, search term = query=IND601311758+OR+IND601311566+OR+IND601309362+OR+IND601309237 : page 2 out of 2
IND601309237
IND601309362
IND601311566
IND601311758
