
 This script is made to collect search results on europepmc website :
 User enters the search terms as arguments of the script, using the option 
 '--search-terms', or writes them in a file (url encoded beforehand, or using
 '--url-encode' option), given as an argument as well. The script makes the
 query on the website and returns the results on the standard output.

 USAGE:
   europepmc-json --options files*.inp
   europepmc-json --search-terms 'search_term_1+search_term_2' files*.inp

 OPTIONS:
  -c, --count-only   Prints the number of results.

  --json-output      Output results in JSON format.

  -l, --limit 10     Limit the number of pages to 10.

  -p, --page-size 10
                     Modify the number of results per page (default is 1000).

  --progress         Prints a progress indicator for each search term.

  --script           Prints out the command lines as comment without
                     executing them.

  -s, --search-terms 'crystal+structure'
                     Add search terms as arguments after this option.

  -U, --url-encode   URL-encode all search terms.

  --version          Prints name, version, date and author of the script.

  Result types:
  --idlist           Return only the list of identifiers
  --light            Light result type (default)
  --core             Core result type (contains references to OA texts)

  --xml-output       Output results in XML format.

  --help             Prints short help message (this message) and exit.
