./europepmc-json: NOTE, files :  'tests/cases/europepmc-json_004.inp'
./europepmc-json: NOTE, search terms : IND601309237
./europepmc-json: NOTE, search term : IND601309237
1	query=IND601309237
./europepmc-json: NOTE, search term : (IND601309237+OR+IND601311758+OR+IND601311566+OR+IND601309362)
4	query=(IND601309237+OR+IND601311758+OR+IND601311566+OR+IND601309362)
