./europepmc-json: NOTE, files :  'tests/inputs/searchterm_solsa.inp'
./europepmc-json: NOTE, search terms : 
./europepmc-json: NOTE, search term : (IND601309237+OR+IND601311758+OR+IND601311566+OR+IND601309362)
# curl -sSL https://www.ebi.ac.uk/europepmc/webservices/rest/search?query=(IND601309237+OR+IND601311758+OR+IND601311566+OR+IND601309362)&cursorMark=*&format=json&pageSize=1000
