./europepmc-json: NOTE, files :  'tests/cases/europepmc-json_018.inp'
./europepmc-json: NOTE, search terms : 
./europepmc-json: NOTE, search term : (IND601309237+OR+IND601311758+OR+IND601311566+OR+IND601309362)
{"version":"6.0.3","hitCount":4,"nextCursorMark":"AoIIP4TtGSgzNDk5NzA4MQ==","request":{"query":"(IND601309237 OR IND601311758 OR IND601311566 OR IND601309362)","resultType":"idlist","synonym":false,"cursorMark":"*","pageSize":1000,"sort":""},"resultList":{"result":[{"id":"IND601311758","source":"AGR"},{"id":"IND601311566","source":"AGR"},{"id":"IND601309362","source":"AGR"},{"id":"IND601309237","source":"AGR"}]}}
