./europepmc-json: NOTE, files : 
./europepmc-json: NOTE, search terms : IND601309237
./europepmc-json: NOTE, search term : IND601309237
1	query=IND601309237
